Archive member included to satisfy reference by file (symbol)

board/libomni.a(lowlevel_init.o)
                              boot/start.o (lowlevel_init)

Memory Configuration

Name             Origin             Length             Attributes
*default*        0x0000000000000000 0xffffffffffffffff

Linker script and memory map

                0x0000000000000000                . = 0x0
                0x0000000000000000                . = ALIGN (0x4)

.text           0x0000000027800000      0x234
 boot/start.o()
 .text          0x0000000027800000       0xd0 boot/start.o
                0x0000000027800000                _start
                0x0000000027800004                _end_vect
 .data          0x00000000278000d0        0x0 boot/start.o
 .bss           0x00000000278000d0        0x0 boot/start.o
 .debug_line    0x00000000278000d0       0x53 boot/start.o
 .debug_info    0x0000000027800123       0x59 boot/start.o
 .debug_abbrev  0x000000002780017c       0x14 boot/start.o
 .debug_aranges
                0x0000000027800190       0x20 boot/start.o
 .ARM.attributes
                0x00000000278001b0       0x19 boot/start.o
 .iplt          0x00000000278001c9        0x0 boot/start.o
 .rel.iplt      0x00000000278001c9        0x0 boot/start.o
 .igot.plt      0x00000000278001c9        0x0 boot/start.o
 *(.text)
 *fill*         0x00000000278001c9        0x3 
 .text          0x00000000278001cc       0x68 board/libomni.a(lowlevel_init.o)
                0x00000000278001cc                lowlevel_init

.glue_7         0x0000000027800234        0x0
 .glue_7        0x0000000027800234        0x0 linker stubs

.glue_7t        0x0000000027800234        0x0
 .glue_7t       0x0000000027800234        0x0 linker stubs

.vfp11_veneer   0x0000000027800234        0x0
 .vfp11_veneer  0x0000000027800234        0x0 linker stubs

.v4_bx          0x0000000027800234        0x0
 .v4_bx         0x0000000027800234        0x0 linker stubs
                0x0000000027800234                . = ALIGN (0x4)

.rodata
 *(.rodata)
                0x0000000027800234                . = ALIGN (0x4)

.data           0x0000000027800234        0x0
 *(.data)
 .data          0x0000000027800234        0x0 board/libomni.a(lowlevel_init.o)
                0x0000000027800234                . = ALIGN (0x4)

.got
 *(.got)
                0x0000000027800234                . = .
                0x0000000027800234                __u_boot_cmd_start = .

.u_boot_cmd
 *(.u_boot_cmd)
                0x0000000027800234                __u_boot_cmd_end = .
                0x000000002782f000                . = 0x2782f000
                0x000000002782f000                __hab_data = .
                0x0000000027831000                . = (. + 0x2000)
                0x0000000027831000                __hab_data_end = .
                0x0000000027831000                . = ALIGN (0x4)
                0x0000000027831000                _end_of_copy = .
                0x0000000027831000                __bss_start = .

.bss            0x0000000027831000        0x0
 *(.bss)
 .bss           0x0000000027831000        0x0 board/libomni.a(lowlevel_init.o)
                0x0000000027831000                _end = .
Address of section .text set to 0x27800000
LOAD boot/start.o
START GROUP
LOAD board/libomni.a
END GROUP
OUTPUT(imx6q elf32-littlearm)

.ARM.attributes
                0x0000000000000000       0x19
 .ARM.attributes
                0x0000000000000000       0x19 board/libomni.a(lowlevel_init.o)

.debug_line     0x0000000000000000       0x45
 .debug_line    0x0000000000000000       0x45 board/libomni.a(lowlevel_init.o)

.debug_info     0x0000000000000000       0x62
 .debug_info    0x0000000000000000       0x62 board/libomni.a(lowlevel_init.o)

.debug_abbrev   0x0000000000000000       0x14
 .debug_abbrev  0x0000000000000000       0x14 board/libomni.a(lowlevel_init.o)

.debug_aranges  0x0000000000000000       0x20
 .debug_aranges
                0x0000000000000000       0x20 board/libomni.a(lowlevel_init.o)
